SQL> create table customers(
  2  customer_id number primary key,
  3  name varchar2(100) not null,
  4  email varchar2(100) unique,
  5  phone varchar2(15),
  6  address varchar2(255),
  7  isactive number(1) default1
  8  );
isactive number(1) default1
                   *
ERROR at line 7:
ORA-00907: missing right parenthesis 


SQL> CREATE TABLE customers (
  2    customer_id NUMBER PRIMARY KEY,
  3    name VARCHAR2(100) NOT NULL,
  4    email VARCHAR2(100) UNIQUE,
  5    phone VARCHAR2(15),
  6    address VARCHAR2(255),
  7    isactive NUMBER(1) DEFAULT 1
  8  );
CREATE TABLE customers (
             *
ERROR at line 1:
ORA-00955: name is already used by an existing object 


SQL> ed
Wrote file afiedt.buf

  1  CREATE TABLE customers1 (
  2    customer_id NUMBER PRIMARY KEY,
  3    name VARCHAR2(100) NOT NULL,
  4    email VARCHAR2(100) UNIQUE,
  5    phone VARCHAR2(15),
  6    address VARCHAR2(255),
  7    isactive NUMBER(1) DEFAULT 1
  8* )
SQL> /

Table created.

SQL> create table accounts (
  2  account_id number primary key,
  3  customer_id number INT,
  4  account_type varchar2(20) not null,
  5  account_creation_date  date not null,
  6  balance decimal(10,2) default 0 check (balance >=0),
  7  foreign key (customer_id) references customers(customer_id) on delete cascade);
customer_id number INT,
                   *
ERROR at line 3:
ORA-00907: missing right parenthesis 


SQL> CREATE TABLE accounts (
  2    account_id NUMBER PRIMARY KEY,
  3    customer_id NUMBER,
  4    account_type VARCHAR2(20) NOT NULL,
  5    account_creation_date DATE NOT NULL,
  6    balance DECIMAL(10,2) DEFAULT 0 CHECK (balance >= 0),
  7    FOREIGN KEY (customer_id) REFERENCES customers(customer_id) ON DELETE CASCADE
  8  );
CREATE TABLE accounts (
             *
ERROR at line 1:
ORA-00955: name is already used by an existing object 


SQL> ed
Wrote file afiedt.buf

  1  CREATE TABLE accounts1 (
  2    account_id NUMBER PRIMARY KEY,
  3    customer_id NUMBER,
  4    account_type VARCHAR2(20) NOT NULL,
  5    account_creation_date DATE NOT NULL,
  6    balance DECIMAL(10,2) DEFAULT 0 CHECK (balance >= 0),
  7    FOREIGN KEY (customer_id) REFERENCES customers(customer_id) ON DELETE CASCADE
  8* )
SQL> /

Table created.

SQL> create table transactions1(
  2  transaction_id number primary key,
  3  account_id number,
  4  tdate date not null,
  5  amount number(10,2) check (Amount >0),
  6  transaction_type varchar(50) not null,
  7  foreign key(account_id) references accounts(account_id) on delete cascade);

Table created.

SQL> alter table customers
  2  add (date_of_birth date not null);
alter table customers
            *
ERROR at line 1:
ORA-01758: table must be empty to add mandatory (NOT NULL) column 


SQL> ALTER TABLE customers
  2  ADD (date_of_birth DATE DEFAULT TO_DATE('2000-01-01', 'YYYY-MM-DD') NOT NULL);

Table altered.

SQL> alter table accounts
  2  modify balance decimal(15,2) check (balance >=2);
modify balance decimal(15,2) check (balance >=2)
       *
ERROR at line 2:
ORA-01440: column to be modified must be empty to decrease precision or scale 


SQL> drop table if exists transactions;
drop table if exists transactions
              *
ERROR at line 1:
ORA-00933: SQL command not properly ended 


SQL> alter table customers
  2  add constraint unique_email unique (email);
add constraint unique_email unique (email)
                            *
ERROR at line 2:
ORA-02261: such unique or primary key already exists in the table 


SQL> create index idx_phone on customers(phone);

Index created.

SQL> alter table accounts
  2  rename coulmn balance to account_balance;
rename coulmn balance to account_balance
       *
ERROR at line 2:
ORA-14155: missing PARTITION or SUBPARTITION keyword 


SQL> ALTER TABLE accounts
  2  RENAME COLUMN balance TO account_balance;

Table altered.

SQL> select * from accounts;

ACCOUNT_ID CUSTOMER_ID ACCOUNT_TYPE         ACCOUNT_BALANCE ACCOUNT_C           
---------- ----------- -------------------- --------------- ---------           
         1           1 saving                          1500                     
         2           2 saving                          2000                     
         3           3 saving                          2500                     
         4           4 current                         3000                     
         5           5 current                         5000                     
         6           6 checking                        5000                     

6 rows selected.

SQL> alter table customers
  2  drop culumn isactive;
drop culumn isactive
     *
ERROR at line 2:
ORA-00905: missing keyword 


SQL> ed
Wrote file afiedt.buf

  1  alter table customers
  2* drop column isactive
SQL> /

Table altered.

SQL> select * from customers;

CUSTOMER_ID                                                                     
-----------                                                                     
NAME                                                                            
--------------------------------------------------------------------------------
EMAIL                                                                           
--------------------------------------------------------------------------------
PHONE                                                                           
---------------                                                                 
ADDRESS                                                                         
--------------------------------------------------------------------------------
DATE_OF_B                                                                       
---------                                                                       
          1                                                                     

CUSTOMER_ID                                                                     
-----------                                                                     
NAME                                                                            
--------------------------------------------------------------------------------
EMAIL                                                                           
--------------------------------------------------------------------------------
PHONE                                                                           
---------------                                                                 
ADDRESS                                                                         
--------------------------------------------------------------------------------
DATE_OF_B                                                                       
---------                                                                       
Atharv yadav                                                                    

CUSTOMER_ID                                                                     
-----------                                                                     
NAME                                                                            
--------------------------------------------------------------------------------
EMAIL                                                                           
--------------------------------------------------------------------------------
PHONE                                                                           
---------------                                                                 
ADDRESS                                                                         
--------------------------------------------------------------------------------
DATE_OF_B                                                                       
---------                                                                       
av12@gmail,com                                                                  

CUSTOMER_ID                                                                     
-----------                                                                     
NAME                                                                            
--------------------------------------------------------------------------------
EMAIL                                                                           
--------------------------------------------------------------------------------
PHONE                                                                           
---------------                                                                 
ADDRESS                                                                         
--------------------------------------------------------------------------------
DATE_OF_B                                                                       
---------                                                                       
7894561230                                                                      

CUSTOMER_ID                                                                     
-----------                                                                     
NAME                                                                            
--------------------------------------------------------------------------------
EMAIL                                                                           
--------------------------------------------------------------------------------
PHONE                                                                           
---------------                                                                 
ADDRESS                                                                         
--------------------------------------------------------------------------------
DATE_OF_B                                                                       
---------                                                                       
123 satara                                                                      

CUSTOMER_ID                                                                     
-----------                                                                     
NAME                                                                            
--------------------------------------------------------------------------------
EMAIL                                                                           
--------------------------------------------------------------------------------
PHONE                                                                           
---------------                                                                 
ADDRESS                                                                         
--------------------------------------------------------------------------------
DATE_OF_B                                                                       
---------                                                                       
01-JAN-00                                                                       

CUSTOMER_ID                                                                     
-----------                                                                     
NAME                                                                            
--------------------------------------------------------------------------------
EMAIL                                                                           
--------------------------------------------------------------------------------
PHONE                                                                           
---------------                                                                 
ADDRESS                                                                         
--------------------------------------------------------------------------------
DATE_OF_B                                                                       
---------                                                                       
                                                                                

CUSTOMER_ID                                                                     
-----------                                                                     
NAME                                                                            
--------------------------------------------------------------------------------
EMAIL                                                                           
--------------------------------------------------------------------------------
PHONE                                                                           
---------------                                                                 
ADDRESS                                                                         
--------------------------------------------------------------------------------
DATE_OF_B                                                                       
---------                                                                       
          2                                                                     

CUSTOMER_ID                                                                     
-----------                                                                     
NAME                                                                            
--------------------------------------------------------------------------------
EMAIL                                                                           
--------------------------------------------------------------------------------
PHONE                                                                           
---------------                                                                 
ADDRESS                                                                         
--------------------------------------------------------------------------------
DATE_OF_B                                                                       
---------                                                                       
satish ghuge                                                                    

CUSTOMER_ID                                                                     
-----------                                                                     
NAME                                                                            
--------------------------------------------------------------------------------
EMAIL                                                                           
--------------------------------------------------------------------------------
PHONE                                                                           
---------------                                                                 
ADDRESS                                                                         
--------------------------------------------------------------------------------
DATE_OF_B                                                                       
---------                                                                       
sg@gmail,com                                                                    

CUSTOMER_ID                                                                     
-----------                                                                     
NAME                                                                            
--------------------------------------------------------------------------------
EMAIL                                                                           
--------------------------------------------------------------------------------
PHONE                                                                           
---------------                                                                 
ADDRESS                                                                         
--------------------------------------------------------------------------------
DATE_OF_B                                                                       
---------                                                                       
7894561230                                                                      

CUSTOMER_ID                                                                     
-----------                                                                     
NAME                                                                            
--------------------------------------------------------------------------------
EMAIL                                                                           
--------------------------------------------------------------------------------
PHONE                                                                           
---------------                                                                 
ADDRESS                                                                         
--------------------------------------------------------------------------------
DATE_OF_B                                                                       
---------                                                                       
12 sambhajinagar                                                                

CUSTOMER_ID                                                                     
-----------                                                                     
NAME                                                                            
--------------------------------------------------------------------------------
EMAIL                                                                           
--------------------------------------------------------------------------------
PHONE                                                                           
---------------                                                                 
ADDRESS                                                                         
--------------------------------------------------------------------------------
DATE_OF_B                                                                       
---------                                                                       
01-JAN-00                                                                       

CUSTOMER_ID                                                                     
-----------                                                                     
NAME                                                                            
--------------------------------------------------------------------------------
EMAIL                                                                           
--------------------------------------------------------------------------------
PHONE                                                                           
---------------                                                                 
ADDRESS                                                                         
--------------------------------------------------------------------------------
DATE_OF_B                                                                       
---------                                                                       
                                                                                

CUSTOMER_ID                                                                     
-----------                                                                     
NAME                                                                            
--------------------------------------------------------------------------------
EMAIL                                                                           
--------------------------------------------------------------------------------
PHONE                                                                           
---------------                                                                 
ADDRESS                                                                         
--------------------------------------------------------------------------------
DATE_OF_B                                                                       
---------                                                                       
          3                                                                     

CUSTOMER_ID                                                                     
-----------                                                                     
NAME                                                                            
--------------------------------------------------------------------------------
EMAIL                                                                           
--------------------------------------------------------------------------------
PHONE                                                                           
---------------                                                                 
ADDRESS                                                                         
--------------------------------------------------------------------------------
DATE_OF_B                                                                       
---------                                                                       
ajay kedia                                                                      

CUSTOMER_ID                                                                     
-----------                                                                     
NAME                                                                            
--------------------------------------------------------------------------------
EMAIL                                                                           
--------------------------------------------------------------------------------
PHONE                                                                           
---------------                                                                 
ADDRESS                                                                         
--------------------------------------------------------------------------------
DATE_OF_B                                                                       
---------                                                                       
ak@gmail,com                                                                    

CUSTOMER_ID                                                                     
-----------                                                                     
NAME                                                                            
--------------------------------------------------------------------------------
EMAIL                                                                           
--------------------------------------------------------------------------------
PHONE                                                                           
---------------                                                                 
ADDRESS                                                                         
--------------------------------------------------------------------------------
DATE_OF_B                                                                       
---------                                                                       
5254789846                                                                      

CUSTOMER_ID                                                                     
-----------                                                                     
NAME                                                                            
--------------------------------------------------------------------------------
EMAIL                                                                           
--------------------------------------------------------------------------------
PHONE                                                                           
---------------                                                                 
ADDRESS                                                                         
--------------------------------------------------------------------------------
DATE_OF_B                                                                       
---------                                                                       
21 mumbai                                                                       

CUSTOMER_ID                                                                     
-----------                                                                     
NAME                                                                            
--------------------------------------------------------------------------------
EMAIL                                                                           
--------------------------------------------------------------------------------
PHONE                                                                           
---------------                                                                 
ADDRESS                                                                         
--------------------------------------------------------------------------------
DATE_OF_B                                                                       
---------                                                                       
01-JAN-00                                                                       

CUSTOMER_ID                                                                     
-----------                                                                     
NAME                                                                            
--------------------------------------------------------------------------------
EMAIL                                                                           
--------------------------------------------------------------------------------
PHONE                                                                           
---------------                                                                 
ADDRESS                                                                         
--------------------------------------------------------------------------------
DATE_OF_B                                                                       
---------                                                                       
                                                                                

CUSTOMER_ID                                                                     
-----------                                                                     
NAME                                                                            
--------------------------------------------------------------------------------
EMAIL                                                                           
--------------------------------------------------------------------------------
PHONE                                                                           
---------------                                                                 
ADDRESS                                                                         
--------------------------------------------------------------------------------
DATE_OF_B                                                                       
---------                                                                       
          4                                                                     

CUSTOMER_ID                                                                     
-----------                                                                     
NAME                                                                            
--------------------------------------------------------------------------------
EMAIL                                                                           
--------------------------------------------------------------------------------
PHONE                                                                           
---------------                                                                 
ADDRESS                                                                         
--------------------------------------------------------------------------------
DATE_OF_B                                                                       
---------                                                                       
harshad mehta                                                                   

CUSTOMER_ID                                                                     
-----------                                                                     
NAME                                                                            
--------------------------------------------------------------------------------
EMAIL                                                                           
--------------------------------------------------------------------------------
PHONE                                                                           
---------------                                                                 
ADDRESS                                                                         
--------------------------------------------------------------------------------
DATE_OF_B                                                                       
---------                                                                       
hm@gmail,com                                                                    

CUSTOMER_ID                                                                     
-----------                                                                     
NAME                                                                            
--------------------------------------------------------------------------------
EMAIL                                                                           
--------------------------------------------------------------------------------
PHONE                                                                           
---------------                                                                 
ADDRESS                                                                         
--------------------------------------------------------------------------------
DATE_OF_B                                                                       
---------                                                                       
7584658944                                                                      

CUSTOMER_ID                                                                     
-----------                                                                     
NAME                                                                            
--------------------------------------------------------------------------------
EMAIL                                                                           
--------------------------------------------------------------------------------
PHONE                                                                           
---------------                                                                 
ADDRESS                                                                         
--------------------------------------------------------------------------------
DATE_OF_B                                                                       
---------                                                                       
23 south mumbai                                                                 

CUSTOMER_ID                                                                     
-----------                                                                     
NAME                                                                            
--------------------------------------------------------------------------------
EMAIL                                                                           
--------------------------------------------------------------------------------
PHONE                                                                           
---------------                                                                 
ADDRESS                                                                         
--------------------------------------------------------------------------------
DATE_OF_B                                                                       
---------                                                                       
01-JAN-00                                                                       

CUSTOMER_ID                                                                     
-----------                                                                     
NAME                                                                            
--------------------------------------------------------------------------------
EMAIL                                                                           
--------------------------------------------------------------------------------
PHONE                                                                           
---------------                                                                 
ADDRESS                                                                         
--------------------------------------------------------------------------------
DATE_OF_B                                                                       
---------                                                                       
                                                                                

CUSTOMER_ID                                                                     
-----------                                                                     
NAME                                                                            
--------------------------------------------------------------------------------
EMAIL                                                                           
--------------------------------------------------------------------------------
PHONE                                                                           
---------------                                                                 
ADDRESS                                                                         
--------------------------------------------------------------------------------
DATE_OF_B                                                                       
---------                                                                       
          5                                                                     

CUSTOMER_ID                                                                     
-----------                                                                     
NAME                                                                            
--------------------------------------------------------------------------------
EMAIL                                                                           
--------------------------------------------------------------------------------
PHONE                                                                           
---------------                                                                 
ADDRESS                                                                         
--------------------------------------------------------------------------------
DATE_OF_B                                                                       
---------                                                                       
adity dude                                                                      

CUSTOMER_ID                                                                     
-----------                                                                     
NAME                                                                            
--------------------------------------------------------------------------------
EMAIL                                                                           
--------------------------------------------------------------------------------
PHONE                                                                           
---------------                                                                 
ADDRESS                                                                         
--------------------------------------------------------------------------------
DATE_OF_B                                                                       
---------                                                                       
ad@gmail,com                                                                    

CUSTOMER_ID                                                                     
-----------                                                                     
NAME                                                                            
--------------------------------------------------------------------------------
EMAIL                                                                           
--------------------------------------------------------------------------------
PHONE                                                                           
---------------                                                                 
ADDRESS                                                                         
--------------------------------------------------------------------------------
DATE_OF_B                                                                       
---------                                                                       
4455665859                                                                      

CUSTOMER_ID                                                                     
-----------                                                                     
NAME                                                                            
--------------------------------------------------------------------------------
EMAIL                                                                           
--------------------------------------------------------------------------------
PHONE                                                                           
---------------                                                                 
ADDRESS                                                                         
--------------------------------------------------------------------------------
DATE_OF_B                                                                       
---------                                                                       
56 wai                                                                          

CUSTOMER_ID                                                                     
-----------                                                                     
NAME                                                                            
--------------------------------------------------------------------------------
EMAIL                                                                           
--------------------------------------------------------------------------------
PHONE                                                                           
---------------                                                                 
ADDRESS                                                                         
--------------------------------------------------------------------------------
DATE_OF_B                                                                       
---------                                                                       
01-JAN-00                                                                       

CUSTOMER_ID                                                                     
-----------                                                                     
NAME                                                                            
--------------------------------------------------------------------------------
EMAIL                                                                           
--------------------------------------------------------------------------------
PHONE                                                                           
---------------                                                                 
ADDRESS                                                                         
--------------------------------------------------------------------------------
DATE_OF_B                                                                       
---------                                                                       
                                                                                

CUSTOMER_ID                                                                     
-----------                                                                     
NAME                                                                            
--------------------------------------------------------------------------------
EMAIL                                                                           
--------------------------------------------------------------------------------
PHONE                                                                           
---------------                                                                 
ADDRESS                                                                         
--------------------------------------------------------------------------------
DATE_OF_B                                                                       
---------                                                                       
          6                                                                     

CUSTOMER_ID                                                                     
-----------                                                                     
NAME                                                                            
--------------------------------------------------------------------------------
EMAIL                                                                           
--------------------------------------------------------------------------------
PHONE                                                                           
---------------                                                                 
ADDRESS                                                                         
--------------------------------------------------------------------------------
DATE_OF_B                                                                       
---------                                                                       
akash yadav                                                                     

CUSTOMER_ID                                                                     
-----------                                                                     
NAME                                                                            
--------------------------------------------------------------------------------
EMAIL                                                                           
--------------------------------------------------------------------------------
PHONE                                                                           
---------------                                                                 
ADDRESS                                                                         
--------------------------------------------------------------------------------
DATE_OF_B                                                                       
---------                                                                       
22ak@gmail.com                                                                  

CUSTOMER_ID                                                                     
-----------                                                                     
NAME                                                                            
--------------------------------------------------------------------------------
EMAIL                                                                           
--------------------------------------------------------------------------------
PHONE                                                                           
---------------                                                                 
ADDRESS                                                                         
--------------------------------------------------------------------------------
DATE_OF_B                                                                       
---------                                                                       
85698745638                                                                     

CUSTOMER_ID                                                                     
-----------                                                                     
NAME                                                                            
--------------------------------------------------------------------------------
EMAIL                                                                           
--------------------------------------------------------------------------------
PHONE                                                                           
---------------                                                                 
ADDRESS                                                                         
--------------------------------------------------------------------------------
DATE_OF_B                                                                       
---------                                                                       
15 satara                                                                       

CUSTOMER_ID                                                                     
-----------                                                                     
NAME                                                                            
--------------------------------------------------------------------------------
EMAIL                                                                           
--------------------------------------------------------------------------------
PHONE                                                                           
---------------                                                                 
ADDRESS                                                                         
--------------------------------------------------------------------------------
DATE_OF_B                                                                       
---------                                                                       
01-JAN-00                                                                       

CUSTOMER_ID                                                                     
-----------                                                                     
NAME                                                                            
--------------------------------------------------------------------------------
EMAIL                                                                           
--------------------------------------------------------------------------------
PHONE                                                                           
---------------                                                                 
ADDRESS                                                                         
--------------------------------------------------------------------------------
DATE_OF_B                                                                       
---------                                                                       
                                                                                

CUSTOMER_ID                                                                     
-----------                                                                     
NAME                                                                            
--------------------------------------------------------------------------------
EMAIL                                                                           
--------------------------------------------------------------------------------
PHONE                                                                           
---------------                                                                 
ADDRESS                                                                         
--------------------------------------------------------------------------------
DATE_OF_B                                                                       
---------                                                                       
          7                                                                     

CUSTOMER_ID                                                                     
-----------                                                                     
NAME                                                                            
--------------------------------------------------------------------------------
EMAIL                                                                           
--------------------------------------------------------------------------------
PHONE                                                                           
---------------                                                                 
ADDRESS                                                                         
--------------------------------------------------------------------------------
DATE_OF_B                                                                       
---------                                                                       
anuja dokh                                                                      

CUSTOMER_ID                                                                     
-----------                                                                     
NAME                                                                            
--------------------------------------------------------------------------------
EMAIL                                                                           
--------------------------------------------------------------------------------
PHONE                                                                           
---------------                                                                 
ADDRESS                                                                         
--------------------------------------------------------------------------------
DATE_OF_B                                                                       
---------                                                                       
15ad@gmail.com                                                                  

CUSTOMER_ID                                                                     
-----------                                                                     
NAME                                                                            
--------------------------------------------------------------------------------
EMAIL                                                                           
--------------------------------------------------------------------------------
PHONE                                                                           
---------------                                                                 
ADDRESS                                                                         
--------------------------------------------------------------------------------
DATE_OF_B                                                                       
---------                                                                       
3888459637                                                                      

CUSTOMER_ID                                                                     
-----------                                                                     
NAME                                                                            
--------------------------------------------------------------------------------
EMAIL                                                                           
--------------------------------------------------------------------------------
PHONE                                                                           
---------------                                                                 
ADDRESS                                                                         
--------------------------------------------------------------------------------
DATE_OF_B                                                                       
---------                                                                       
75 mulashi                                                                      

CUSTOMER_ID                                                                     
-----------                                                                     
NAME                                                                            
--------------------------------------------------------------------------------
EMAIL                                                                           
--------------------------------------------------------------------------------
PHONE                                                                           
---------------                                                                 
ADDRESS                                                                         
--------------------------------------------------------------------------------
DATE_OF_B                                                                       
---------                                                                       
01-JAN-00                                                                       

CUSTOMER_ID                                                                     
-----------                                                                     
NAME                                                                            
--------------------------------------------------------------------------------
EMAIL                                                                           
--------------------------------------------------------------------------------
PHONE                                                                           
---------------                                                                 
ADDRESS                                                                         
--------------------------------------------------------------------------------
DATE_OF_B                                                                       
---------                                                                       
                                                                                

CUSTOMER_ID                                                                     
-----------                                                                     
NAME                                                                            
--------------------------------------------------------------------------------
EMAIL                                                                           
--------------------------------------------------------------------------------
PHONE                                                                           
---------------                                                                 
ADDRESS                                                                         
--------------------------------------------------------------------------------
DATE_OF_B                                                                       
---------                                                                       
          8                                                                     

CUSTOMER_ID                                                                     
-----------                                                                     
NAME                                                                            
--------------------------------------------------------------------------------
EMAIL                                                                           
--------------------------------------------------------------------------------
PHONE                                                                           
---------------                                                                 
ADDRESS                                                                         
--------------------------------------------------------------------------------
DATE_OF_B                                                                       
---------                                                                       
kaustub dini                                                                    

CUSTOMER_ID                                                                     
-----------                                                                     
NAME                                                                            
--------------------------------------------------------------------------------
EMAIL                                                                           
--------------------------------------------------------------------------------
PHONE                                                                           
---------------                                                                 
ADDRESS                                                                         
--------------------------------------------------------------------------------
DATE_OF_B                                                                       
---------                                                                       
12kd@gmail.com                                                                  

CUSTOMER_ID                                                                     
-----------                                                                     
NAME                                                                            
--------------------------------------------------------------------------------
EMAIL                                                                           
--------------------------------------------------------------------------------
PHONE                                                                           
---------------                                                                 
ADDRESS                                                                         
--------------------------------------------------------------------------------
DATE_OF_B                                                                       
---------                                                                       
3865457637                                                                      

CUSTOMER_ID                                                                     
-----------                                                                     
NAME                                                                            
--------------------------------------------------------------------------------
EMAIL                                                                           
--------------------------------------------------------------------------------
PHONE                                                                           
---------------                                                                 
ADDRESS                                                                         
--------------------------------------------------------------------------------
DATE_OF_B                                                                       
---------                                                                       
78 mulashi                                                                      

CUSTOMER_ID                                                                     
-----------                                                                     
NAME                                                                            
--------------------------------------------------------------------------------
EMAIL                                                                           
--------------------------------------------------------------------------------
PHONE                                                                           
---------------                                                                 
ADDRESS                                                                         
--------------------------------------------------------------------------------
DATE_OF_B                                                                       
---------                                                                       
01-JAN-00                                                                       

CUSTOMER_ID                                                                     
-----------                                                                     
NAME                                                                            
--------------------------------------------------------------------------------
EMAIL                                                                           
--------------------------------------------------------------------------------
PHONE                                                                           
---------------                                                                 
ADDRESS                                                                         
--------------------------------------------------------------------------------
DATE_OF_B                                                                       
---------                                                                       
                                                                                

8 rows selected.

SQL> set pagesize 200;
SQL> set linesize 200;
SQL> /

CUSTOMER_ID NAME                                                                                                                                                                                        
----------- ----------------------------------------------------------------------------------------------------                                                                                        
EMAIL                                                                                                PHONE                                                                                              
---------------------------------------------------------------------------------------------------- ---------------                                                                                    
ADDRESS                                                                                                                                                                                                 
--------------------------------------------------------------------------------------------------------------------------------------------------------------------------------------------------------
DATE_OF_B                                                                                                                                                                                               
---------                                                                                                                                                                                               
          1 Atharv yadav                                                                                                                                                                                
av12@gmail,com                                                                                       7894561230                                                                                         
123 satara                                                                                                                                                                                              
01-JAN-00                                                                                                                                                                                               
                                                                                                                                                                                                        
          2 satish ghuge                                                                                                                                                                                
sg@gmail,com                                                                                         7894561230                                                                                         
12 sambhajinagar                                                                                                                                                                                        
01-JAN-00                                                                                                                                                                                               
                                                                                                                                                                                                        
          3 ajay kedia                                                                                                                                                                                  
ak@gmail,com                                                                                         5254789846                                                                                         
21 mumbai                                                                                                                                                                                               
01-JAN-00                                                                                                                                                                                               
                                                                                                                                                                                                        
          4 harshad mehta                                                                                                                                                                               
hm@gmail,com                                                                                         7584658944                                                                                         
23 south mumbai                                                                                                                                                                                         
01-JAN-00                                                                                                                                                                                               
                                                                                                                                                                                                        
          5 adity dude                                                                                                                                                                                  
ad@gmail,com                                                                                         4455665859                                                                                         
56 wai                                                                                                                                                                                                  
01-JAN-00                                                                                                                                                                                               
                                                                                                                                                                                                        
          6 akash yadav                                                                                                                                                                                 
22ak@gmail.com                                                                                       85698745638                                                                                        
15 satara                                                                                                                                                                                               
01-JAN-00                                                                                                                                                                                               
                                                                                                                                                                                                        
          7 anuja dokh                                                                                                                                                                                  
15ad@gmail.com                                                                                       3888459637                                                                                         
75 mulashi                                                                                                                                                                                              
01-JAN-00                                                                                                                                                                                               
                                                                                                                                                                                                        
          8 kaustub dini                                                                                                                                                                                
12kd@gmail.com                                                                                       3865457637                                                                                         
78 mulashi                                                                                                                                                                                              
01-JAN-00                                                                                                                                                                                               
                                                                                                                                                                                                        

8 rows selected.

SQL> alter table accounts
  2  add constraint fk_customer
  3  foreign key (customer_id) references customers (customer_id);
foreign key (customer_id) references customers (customer_id)
*
ERROR at line 3:
ORA-02275: such a referential constraint already exists in the table 


SQL> ALTER TABLE accounts
  2  ADD CONSTRAINT fk_customer
  3  FOREIGN KEY (customer_id) REFERENCES customers (customer_id);
FOREIGN KEY (customer_id) REFERENCES customers (customer_id)
*
ERROR at line 3:
ORA-02275: such a referential constraint already exists in the table 


SQL> SELECT constraint_name, table_name, r_constraint_name
  2  FROM user_constraints
  3  WHERE table_name = 'ACCOUNTS' AND constraint_type = 'R';

CONSTRAINT_NAME                TABLE_NAME                     R_CONSTRAINT_NAME                                                                                                                         
------------------------------ ------------------------------ ------------------------------                                                                                                            
SYS_C007529                    ACCOUNTS                       SYS_C007524                                                                                                                               

SQL> alter table accounts
  2  add primary key(account_id,customer_id);
add primary key(account_id,customer_id)
    *
ERROR at line 2:
ORA-02260: table can have only one primary key 


SQL> ALTER TABLE accounts
  2  ADD PRIMARY KEY (account_id, customer_id);
ADD PRIMARY KEY (account_id, customer_id)
    *
ERROR at line 2:
ORA-02260: table can have only one primary key 


SQL> alter table customers
  2  modify (phone varchar(20));

Table altered.

SQL> select * from customers;

CUSTOMER_ID NAME                                                                                                                                                                                        
----------- ----------------------------------------------------------------------------------------------------                                                                                        
EMAIL                                                                                                PHONE                                                                                              
---------------------------------------------------------------------------------------------------- --------------------                                                                               
ADDRESS                                                                                                                                                                                                 
--------------------------------------------------------------------------------------------------------------------------------------------------------------------------------------------------------
DATE_OF_B                                                                                                                                                                                               
---------                                                                                                                                                                                               
          1 Atharv yadav                                                                                                                                                                                
av12@gmail,com                                                                                       7894561230                                                                                         
123 satara                                                                                                                                                                                              
01-JAN-00                                                                                                                                                                                               
                                                                                                                                                                                                        
          2 satish ghuge                                                                                                                                                                                
sg@gmail,com                                                                                         7894561230                                                                                         
12 sambhajinagar                                                                                                                                                                                        
01-JAN-00                                                                                                                                                                                               
                                                                                                                                                                                                        
          3 ajay kedia                                                                                                                                                                                  
ak@gmail,com                                                                                         5254789846                                                                                         
21 mumbai                                                                                                                                                                                               
01-JAN-00                                                                                                                                                                                               
                                                                                                                                                                                                        
          4 harshad mehta                                                                                                                                                                               
hm@gmail,com                                                                                         7584658944                                                                                         
23 south mumbai                                                                                                                                                                                         
01-JAN-00                                                                                                                                                                                               
                                                                                                                                                                                                        
          5 adity dude                                                                                                                                                                                  
ad@gmail,com                                                                                         4455665859                                                                                         
56 wai                                                                                                                                                                                                  
01-JAN-00                                                                                                                                                                                               
                                                                                                                                                                                                        
          6 akash yadav                                                                                                                                                                                 
22ak@gmail.com                                                                                       85698745638                                                                                        
15 satara                                                                                                                                                                                               
01-JAN-00                                                                                                                                                                                               
                                                                                                                                                                                                        
          7 anuja dokh                                                                                                                                                                                  
15ad@gmail.com                                                                                       3888459637                                                                                         
75 mulashi                                                                                                                                                                                              
01-JAN-00                                                                                                                                                                                               
                                                                                                                                                                                                        
          8 kaustub dini                                                                                                                                                                                
12kd@gmail.com                                                                                       3865457637                                                                                         
78 mulashi                                                                                                                                                                                              
01-JAN-00                                                                                                                                                                                               
                                                                                                                                                                                                        

8 rows selected.

SQL> desc customers;
 Name                                                                                                              Null?    Type
 ----------------------------------------------------------------------------------------------------------------- -------- ----------------------------------------------------------------------------
 CUSTOMER_ID                                                                                                       NOT NULL NUMBER
 NAME                                                                                                              NOT NULL VARCHAR2(100)
 EMAIL                                                                                                                      VARCHAR2(100)
 PHONE                                                                                                             NOT NULL VARCHAR2(20)
 ADDRESS                                                                                                                    VARCHAR2(255)
 DATE_OF_BIRTH                                                                                                     NOT NULL DATE

SQL> alter table accounts
  2  alter column account_balance set default 0;
alter column account_balance set default 0
*
ERROR at line 2:
ORA-01735: invalid ALTER TABLE option 


SQL> create view active_customers as
  2  select *
  3  from customers
  4  where isactive = true;
where isactive = true
                 *
ERROR at line 4:
ORA-00904: "TRUE": invalid identifier 


SQL> CREATE VIEW active_customers AS
  2  SELECT *
  3  FROM customers
  4  WHERE isactive = 1;
WHERE isactive = 1
      *
ERROR at line 4:
ORA-00904: "ISACTIVE": invalid identifier 


SQL> alter table customers
  2  drop constraint unique_email;
drop constraint unique_email
                *
ERROR at line 2:
ORA-02443: Cannot drop constraint  - nonexistent constraint 


SQL> alter table accounts
  2  add constraint chk_balance check (account_balance >=0);

Table altered.

SQL> select * from accounts;

ACCOUNT_ID CUSTOMER_ID ACCOUNT_TYPE         ACCOUNT_BALANCE ACCOUNT_C                                                                                                                                   
---------- ----------- -------------------- --------------- ---------                                                                                                                                   
         1           1 saving                          1500                                                                                                                                             
         2           2 saving                          2000                                                                                                                                             
         3           3 saving                          2500                                                                                                                                             
         4           4 current                         3000                                                                                                                                             
         5           5 current                         5000                                                                                                                                             
         6           6 checking                        5000                                                                                                                                             

6 rows selected.

SQL> create table account_type(
  2  account_type_id int primary key,
  3  account_type_name varchar(50) not null
  4  );

Table created.

SQL> alter table transactions add constraint fk_account foreign key(account_id) references accounts(account_id);
alter table transactions add constraint fk_account foreign key(account_id) references accounts(account_id)
                                                   *
ERROR at line 1:
ORA-02275: such a referential constraint already exists in the table 


SQL> spool off;
